
  .   ____          _            __ _ _
 /\\ / ___'_ __ _ _(_)_ __  __ _ \ \ \ \
( ( )\___ | '_ | '_| | '_ \/ _` | \ \ \ \
 \\/  ___)| |_)| | | | | || (_| |  ) ) ) )
  '  |____| .__|_| |_|_| |_\__, | / / / /
 =========|_|==============|___/=/_/_/_/

 :: Spring Boot ::                (v3.4.5)

2026-08-24T10:41:34.512-03:00  INFO 32541 --- [filalivre] [           main] com.filalivre.FilalivreApplication       : Starting FilalivreApplication v1.0.0 using Java 21.0.12.1 with PID 32541 (/home/ifmt-aluno/Documentos/filalivre/backend/target/filalivre-backend-1.0.0.jar started by ifmt-aluno in /home/ifmt-aluno/Documentos/filalivre)
2026-08-24T10:41:34.514-03:00  INFO 32541 --- [filalivre] [           main] com.filalivre.FilalivreApplication       : No active profile set, falling back to 1 default profile: "default"
2026-08-24T10:41:35.122-03:00  INFO 32541 --- [filalivre] [           main] .s.d.r.c.RepositoryConfigurationDelegate : Bootstrapping Spring Data JPA repositories in DEFAULT mode.
2026-08-24T10:41:35.164-03:00  INFO 32541 --- [filalivre] [           main] .s.d.r.c.RepositoryConfigurationDelegate : Finished Spring Data repository scanning in 36 ms. Found 4 JPA repository interfaces.
2026-08-24T10:41:35.685-03:00  INFO 32541 --- [filalivre] [           main] o.s.b.w.embedded.tomcat.TomcatWebServer  : Tomcat initialized with port 8080 (http)
2026-08-24T10:41:35.697-03:00  INFO 32541 --- [filalivre] [           main] o.apache.catalina.core.StandardService   : Starting service [Tomcat]
2026-08-24T10:41:35.697-03:00  INFO 32541 --- [filalivre] [           main] o.apache.catalina.core.StandardEngine    : Starting Servlet engine: [Apache Tomcat/10.1.40]
2026-08-24T10:41:35.717-03:00  INFO 32541 --- [filalivre] [           main] o.a.c.c.C.[Tomcat].[localhost].[/]       : Initializing Spring embedded WebApplicationContext
2026-08-24T10:41:35.718-03:00  INFO 32541 --- [filalivre] [           main] w.s.c.ServletWebServerApplicationContext : Root WebApplicationContext: initialization completed in 1169 ms
2026-08-24T10:41:35.850-03:00  INFO 32541 --- [filalivre] [           main] o.hibernate.jpa.internal.util.LogHelper  : HHH000204: Processing PersistenceUnitInfo [name: default]
2026-08-24T10:41:35.893-03:00  INFO 32541 --- [filalivre] [           main] org.hibernate.Version                    : HHH000412: Hibernate ORM core version 6.6.13.Final
2026-08-24T10:41:35.918-03:00  INFO 32541 --- [filalivre] [           main] o.h.c.internal.RegionFactoryInitiator    : HHH000026: Second-level cache disabled
2026-08-24T10:41:36.119-03:00  INFO 32541 --- [filalivre] [           main] o.s.o.j.p.SpringPersistenceUnitInfo      : No LoadTimeWeaver setup: ignoring JPA class transformer
2026-08-24T10:41:36.155-03:00  INFO 32541 --- [filalivre] [           main] com.zaxxer.hikari.HikariDataSource       : HikariPool-1 - Starting...
2026-08-24T10:41:36.406-03:00  INFO 32541 --- [filalivre] [           main] com.zaxxer.hikari.pool.HikariPool        : HikariPool-1 - Added connection conn1: url=jdbc:h2:file:./database/filalivre user=SA
2026-08-24T10:41:36.408-03:00  INFO 32541 --- [filalivre] [           main] com.zaxxer.hikari.HikariDataSource       : HikariPool-1 - Start completed.
2026-08-24T10:41:36.444-03:00  INFO 32541 --- [filalivre] [           main] org.hibernate.orm.connections.pooling    : HHH10001005: Database info:
	Database JDBC URL [Connecting through datasource 'HikariDataSource (HikariPool-1)']
	Database driver: undefined/unknown
	Database version: 2.3.232
	Autocommit mode: undefined/unknown
	Isolation level: undefined/unknown
	Minimum pool size: undefined/unknown
	Maximum pool size: undefined/unknown
2026-08-24T10:41:37.064-03:00  INFO 32541 --- [filalivre] [           main] o.h.e.t.j.p.i.JtaPlatformInitiator       : HHH000489: No JTA platform available (set 'hibernate.transaction.jta.platform' to enable JTA platform integration)
2026-08-24T10:41:37.103-03:00  INFO 32541 --- [filalivre] [           main] j.LocalContainerEntityManagerFactoryBean : Initialized JPA EntityManagerFactory for persistence unit 'default'
2026-08-24T10:41:37.365-03:00  INFO 32541 --- [filalivre] [           main] r$InitializeUserDetailsManagerConfigurer : Global AuthenticationManager configured with UserDetailsService bean with name usuarioDetailsService
2026-08-24T10:41:37.554-03:00  INFO 32541 --- [filalivre] [           main] o.s.b.a.w.s.WelcomePageHandlerMapping    : Adding welcome page: URL [file:frontend/index.html]
2026-08-24T10:41:37.860-03:00  INFO 32541 --- [filalivre] [           main] o.s.b.a.h2.H2ConsoleAutoConfiguration    : H2 console available at '/h2-console'. Database available at 'jdbc:h2:file:./database/filalivre'
2026-08-24T10:41:37.924-03:00  INFO 32541 --- [filalivre] [           main] o.s.b.w.embedded.tomcat.TomcatWebServer  : Tomcat started on port 8080 (http) with context path '/'
2026-08-24T10:41:37.943-03:00  INFO 32541 --- [filalivre] [           main] com.filalivre.FilalivreApplication       : Started FilalivreApplication in 3.825 seconds (process running for 4.171)
2026-08-24T10:41:45.812-03:00  INFO 32541 --- [filalivre] [nio-8080-exec-1] o.a.c.c.C.[Tomcat].[localhost].[/]       : Initializing Spring DispatcherServlet 'dispatcherServlet'
2026-08-24T10:41:45.812-03:00  INFO 32541 --- [filalivre] [nio-8080-exec-1] o.s.web.servlet.DispatcherServlet        : Initializing Servlet 'dispatcherServlet'
2026-08-24T10:41:45.813-03:00  INFO 32541 --- [filalivre] [nio-8080-exec-1] o.s.web.servlet.DispatcherServlet        : Completed initialization in 0 ms
2026-08-24T10:42:36.726-03:00  INFO 32541 --- [filalivre] [ionShutdownHook] o.s.b.w.e.tomcat.GracefulShutdown        : Commencing graceful shutdown. Waiting for active requests to complete
2026-08-24T10:42:36.729-03:00  INFO 32541 --- [filalivre] [tomcat-shutdown] o.s.b.w.e.tomcat.GracefulShutdown        : Graceful shutdown complete
2026-08-24T10:42:36.740-03:00  INFO 32541 --- [filalivre] [ionShutdownHook] j.LocalContainerEntityManagerFactoryBean : Closing JPA EntityManagerFactory for persistence unit 'default'
2026-08-24T10:42:36.742-03:00  INFO 32541 --- [filalivre] [ionShutdownHook] com.zaxxer.hikari.HikariDataSource       : HikariPool-1 - Shutdown initiated...
2026-08-24T10:42:36.744-03:00  INFO 32541 --- [filalivre] [ionShutdownHook] com.zaxxer.hikari.HikariDataSource       : HikariPool-1 - Shutdown completed.
